                                      1 ;--------------------------------------------------------
                                      2 ; File Created by SDCC : free open source ISO C Compiler
                                      3 ; Version 4.5.0 #15242 (Linux)
                                      4 ;--------------------------------------------------------
                                      5 	.module main
                                      6 	
                                      7 	.optsdcc -mmcs51 --model-small
                                      8 ;--------------------------------------------------------
                                      9 ; Public variables in this module
                                     10 ;--------------------------------------------------------
                                     11 	.globl _main
                                     12 	.globl _Serial_ISR
                                     13 	.globl _print_boot_message
                                     14 	.globl _hex_to_ascii
                                     15 	.globl _ascii_to_hex
                                     16 	.globl _delay_ms_500
                                     17 	.globl _echo
                                     18 	.globl _put_char
                                     19 	.globl _init_serial
                                     20 	.globl _init_timer
                                     21 	.globl _init_mpu
                                     22 	.globl _WDTRST
                                     23 	.globl _TF2
                                     24 	.globl _EXF2
                                     25 	.globl _RCLK
                                     26 	.globl _TCLK
                                     27 	.globl _EXEN2
                                     28 	.globl _TR2
                                     29 	.globl _C_T2
                                     30 	.globl _CP_RL2
                                     31 	.globl _T2CON_7
                                     32 	.globl _T2CON_6
                                     33 	.globl _T2CON_5
                                     34 	.globl _T2CON_4
                                     35 	.globl _T2CON_3
                                     36 	.globl _T2CON_2
                                     37 	.globl _T2CON_1
                                     38 	.globl _T2CON_0
                                     39 	.globl _PT2
                                     40 	.globl _ET2
                                     41 	.globl _CY
                                     42 	.globl _AC
                                     43 	.globl _F0
                                     44 	.globl _RS1
                                     45 	.globl _RS0
                                     46 	.globl _OV
                                     47 	.globl _F1
                                     48 	.globl _P
                                     49 	.globl _PS
                                     50 	.globl _PT1
                                     51 	.globl _PX1
                                     52 	.globl _PT0
                                     53 	.globl _PX0
                                     54 	.globl _RD
                                     55 	.globl _WR
                                     56 	.globl _T1
                                     57 	.globl _T0
                                     58 	.globl _INT1
                                     59 	.globl _INT0
                                     60 	.globl _TXD
                                     61 	.globl _RXD
                                     62 	.globl _P3_7
                                     63 	.globl _P3_6
                                     64 	.globl _P3_5
                                     65 	.globl _P3_4
                                     66 	.globl _P3_3
                                     67 	.globl _P3_2
                                     68 	.globl _P3_1
                                     69 	.globl _P3_0
                                     70 	.globl _EA
                                     71 	.globl _ES
                                     72 	.globl _ET1
                                     73 	.globl _EX1
                                     74 	.globl _ET0
                                     75 	.globl _EX0
                                     76 	.globl _P2_7
                                     77 	.globl _P2_6
                                     78 	.globl _P2_5
                                     79 	.globl _P2_4
                                     80 	.globl _P2_3
                                     81 	.globl _P2_2
                                     82 	.globl _P2_1
                                     83 	.globl _P2_0
                                     84 	.globl _SM0
                                     85 	.globl _SM1
                                     86 	.globl _SM2
                                     87 	.globl _REN
                                     88 	.globl _TB8
                                     89 	.globl _RB8
                                     90 	.globl _TI
                                     91 	.globl _RI
                                     92 	.globl _P1_7
                                     93 	.globl _P1_6
                                     94 	.globl _P1_5
                                     95 	.globl _P1_4
                                     96 	.globl _P1_3
                                     97 	.globl _P1_2
                                     98 	.globl _P1_1
                                     99 	.globl _P1_0
                                    100 	.globl _TF1
                                    101 	.globl _TR1
                                    102 	.globl _TF0
                                    103 	.globl _TR0
                                    104 	.globl _IE1
                                    105 	.globl _IT1
                                    106 	.globl _IE0
                                    107 	.globl _IT0
                                    108 	.globl _P0_7
                                    109 	.globl _P0_6
                                    110 	.globl _P0_5
                                    111 	.globl _P0_4
                                    112 	.globl _P0_3
                                    113 	.globl _P0_2
                                    114 	.globl _P0_1
                                    115 	.globl _P0_0
                                    116 	.globl _TH2
                                    117 	.globl _TL2
                                    118 	.globl _RCAP2H
                                    119 	.globl _RCAP2L
                                    120 	.globl _T2CON
                                    121 	.globl _B
                                    122 	.globl _ACC
                                    123 	.globl _PSW
                                    124 	.globl _IP
                                    125 	.globl _P3
                                    126 	.globl _IE
                                    127 	.globl _P2
                                    128 	.globl _SBUF
                                    129 	.globl _SCON
                                    130 	.globl _P1
                                    131 	.globl _TH1
                                    132 	.globl _TH0
                                    133 	.globl _TL1
                                    134 	.globl _TL0
                                    135 	.globl _TMOD
                                    136 	.globl _TCON
                                    137 	.globl _PCON
                                    138 	.globl _DPH
                                    139 	.globl _DPL
                                    140 	.globl _SP
                                    141 	.globl _P0
                                    142 	.globl _prog_buffer
                                    143 	.globl _result_h
                                    144 	.globl _result_l
                                    145 	.globl _instruction_buffer
                                    146 	.globl _temp3
                                    147 	.globl _temp2
                                    148 	.globl _temp1
                                    149 	.globl _serial_busy
                                    150 	.globl _active_timer
                                    151 	.globl _op2
                                    152 	.globl _op1
                                    153 	.globl _system_tick
                                    154 	.globl _wr_pointer
                                    155 	.globl _rd_pointer
                                    156 	.globl _prog_counter
                                    157 	.globl _loop_counter
                                    158 ;--------------------------------------------------------
                                    159 ; special function registers
                                    160 ;--------------------------------------------------------
                                    161 	.area RSEG    (ABS,DATA)
      000000                        162 	.org 0x0000
                           000080   163 _P0	=	0x0080
                           000081   164 _SP	=	0x0081
                           000082   165 _DPL	=	0x0082
                           000083   166 _DPH	=	0x0083
                           000087   167 _PCON	=	0x0087
                           000088   168 _TCON	=	0x0088
                           000089   169 _TMOD	=	0x0089
                           00008A   170 _TL0	=	0x008a
                           00008B   171 _TL1	=	0x008b
                           00008C   172 _TH0	=	0x008c
                           00008D   173 _TH1	=	0x008d
                           000090   174 _P1	=	0x0090
                           000098   175 _SCON	=	0x0098
                           000099   176 _SBUF	=	0x0099
                           0000A0   177 _P2	=	0x00a0
                           0000A8   178 _IE	=	0x00a8
                           0000B0   179 _P3	=	0x00b0
                           0000B8   180 _IP	=	0x00b8
                           0000D0   181 _PSW	=	0x00d0
                           0000E0   182 _ACC	=	0x00e0
                           0000F0   183 _B	=	0x00f0
                           0000C8   184 _T2CON	=	0x00c8
                           0000CA   185 _RCAP2L	=	0x00ca
                           0000CB   186 _RCAP2H	=	0x00cb
                           0000CC   187 _TL2	=	0x00cc
                           0000CD   188 _TH2	=	0x00cd
                                    189 ;--------------------------------------------------------
                                    190 ; special function bits
                                    191 ;--------------------------------------------------------
                                    192 	.area RSEG    (ABS,DATA)
      000000                        193 	.org 0x0000
                           000080   194 _P0_0	=	0x0080
                           000081   195 _P0_1	=	0x0081
                           000082   196 _P0_2	=	0x0082
                           000083   197 _P0_3	=	0x0083
                           000084   198 _P0_4	=	0x0084
                           000085   199 _P0_5	=	0x0085
                           000086   200 _P0_6	=	0x0086
                           000087   201 _P0_7	=	0x0087
                           000088   202 _IT0	=	0x0088
                           000089   203 _IE0	=	0x0089
                           00008A   204 _IT1	=	0x008a
                           00008B   205 _IE1	=	0x008b
                           00008C   206 _TR0	=	0x008c
                           00008D   207 _TF0	=	0x008d
                           00008E   208 _TR1	=	0x008e
                           00008F   209 _TF1	=	0x008f
                           000090   210 _P1_0	=	0x0090
                           000091   211 _P1_1	=	0x0091
                           000092   212 _P1_2	=	0x0092
                           000093   213 _P1_3	=	0x0093
                           000094   214 _P1_4	=	0x0094
                           000095   215 _P1_5	=	0x0095
                           000096   216 _P1_6	=	0x0096
                           000097   217 _P1_7	=	0x0097
                           000098   218 _RI	=	0x0098
                           000099   219 _TI	=	0x0099
                           00009A   220 _RB8	=	0x009a
                           00009B   221 _TB8	=	0x009b
                           00009C   222 _REN	=	0x009c
                           00009D   223 _SM2	=	0x009d
                           00009E   224 _SM1	=	0x009e
                           00009F   225 _SM0	=	0x009f
                           0000A0   226 _P2_0	=	0x00a0
                           0000A1   227 _P2_1	=	0x00a1
                           0000A2   228 _P2_2	=	0x00a2
                           0000A3   229 _P2_3	=	0x00a3
                           0000A4   230 _P2_4	=	0x00a4
                           0000A5   231 _P2_5	=	0x00a5
                           0000A6   232 _P2_6	=	0x00a6
                           0000A7   233 _P2_7	=	0x00a7
                           0000A8   234 _EX0	=	0x00a8
                           0000A9   235 _ET0	=	0x00a9
                           0000AA   236 _EX1	=	0x00aa
                           0000AB   237 _ET1	=	0x00ab
                           0000AC   238 _ES	=	0x00ac
                           0000AF   239 _EA	=	0x00af
                           0000B0   240 _P3_0	=	0x00b0
                           0000B1   241 _P3_1	=	0x00b1
                           0000B2   242 _P3_2	=	0x00b2
                           0000B3   243 _P3_3	=	0x00b3
                           0000B4   244 _P3_4	=	0x00b4
                           0000B5   245 _P3_5	=	0x00b5
                           0000B6   246 _P3_6	=	0x00b6
                           0000B7   247 _P3_7	=	0x00b7
                           0000B0   248 _RXD	=	0x00b0
                           0000B1   249 _TXD	=	0x00b1
                           0000B2   250 _INT0	=	0x00b2
                           0000B3   251 _INT1	=	0x00b3
                           0000B4   252 _T0	=	0x00b4
                           0000B5   253 _T1	=	0x00b5
                           0000B6   254 _WR	=	0x00b6
                           0000B7   255 _RD	=	0x00b7
                           0000B8   256 _PX0	=	0x00b8
                           0000B9   257 _PT0	=	0x00b9
                           0000BA   258 _PX1	=	0x00ba
                           0000BB   259 _PT1	=	0x00bb
                           0000BC   260 _PS	=	0x00bc
                           0000D0   261 _P	=	0x00d0
                           0000D1   262 _F1	=	0x00d1
                           0000D2   263 _OV	=	0x00d2
                           0000D3   264 _RS0	=	0x00d3
                           0000D4   265 _RS1	=	0x00d4
                           0000D5   266 _F0	=	0x00d5
                           0000D6   267 _AC	=	0x00d6
                           0000D7   268 _CY	=	0x00d7
                           0000AD   269 _ET2	=	0x00ad
                           0000BD   270 _PT2	=	0x00bd
                           0000C8   271 _T2CON_0	=	0x00c8
                           0000C9   272 _T2CON_1	=	0x00c9
                           0000CA   273 _T2CON_2	=	0x00ca
                           0000CB   274 _T2CON_3	=	0x00cb
                           0000CC   275 _T2CON_4	=	0x00cc
                           0000CD   276 _T2CON_5	=	0x00cd
                           0000CE   277 _T2CON_6	=	0x00ce
                           0000CF   278 _T2CON_7	=	0x00cf
                           0000C8   279 _CP_RL2	=	0x00c8
                           0000C9   280 _C_T2	=	0x00c9
                           0000CA   281 _TR2	=	0x00ca
                           0000CB   282 _EXEN2	=	0x00cb
                           0000CC   283 _TCLK	=	0x00cc
                           0000CD   284 _RCLK	=	0x00cd
                           0000CE   285 _EXF2	=	0x00ce
                           0000CF   286 _TF2	=	0x00cf
                           0000A6   287 _WDTRST	=	0x00a6
                                    288 ;--------------------------------------------------------
                                    289 ; overlayable register banks
                                    290 ;--------------------------------------------------------
                                    291 	.area REG_BANK_0	(REL,OVR,DATA)
      000000                        292 	.ds 8
                                    293 ;--------------------------------------------------------
                                    294 ; internal ram data
                                    295 ;--------------------------------------------------------
                                    296 	.area DSEG    (DATA)
                           000030   297 _loop_counter	=	0x0030
                           000031   298 _prog_counter	=	0x0031
                           000032   299 _rd_pointer	=	0x0032
                           000033   300 _wr_pointer	=	0x0033
                           000034   301 _system_tick	=	0x0034
                           000035   302 _op1	=	0x0035
                           000036   303 _op2	=	0x0036
                           000037   304 _active_timer	=	0x0037
                           000038   305 _serial_busy	=	0x0038
                           000039   306 _temp1	=	0x0039
                           00003A   307 _temp2	=	0x003a
                           00003C   308 _temp3	=	0x003c
                           00003D   309 _instruction_buffer	=	0x003d
                           00003E   310 _result_l	=	0x003e
                           00003F   311 _result_h	=	0x003f
                                    312 ;--------------------------------------------------------
                                    313 ; overlayable items in internal ram
                                    314 ;--------------------------------------------------------
                                    315 	.area	OSEG    (OVR,DATA)
                                    316 ;--------------------------------------------------------
                                    317 ; Stack segment in internal ram
                                    318 ;--------------------------------------------------------
                                    319 	.area SSEG
      000000                        320 __start__stack:
      000000                        321 	.ds	1
                                    322 
                                    323 ;--------------------------------------------------------
                                    324 ; indirectly addressable internal ram data
                                    325 ;--------------------------------------------------------
                                    326 	.area ISEG    (DATA)
                                    327 ;--------------------------------------------------------
                                    328 ; absolute internal ram data
                                    329 ;--------------------------------------------------------
                                    330 	.area IABS    (ABS,DATA)
      000040                        331 	.org 0x0040
      000040                        332 _prog_buffer::
      000040                        333 	.ds 32
                                    334 	.area IABS    (ABS,DATA)
                                    335 ;--------------------------------------------------------
                                    336 ; bit data
                                    337 ;--------------------------------------------------------
                                    338 	.area BSEG    (BIT)
                                    339 ;--------------------------------------------------------
                                    340 ; paged external ram data
                                    341 ;--------------------------------------------------------
                                    342 	.area PSEG    (PAG,XDATA)
                                    343 ;--------------------------------------------------------
                                    344 ; uninitialized external ram data
                                    345 ;--------------------------------------------------------
                                    346 	.area XSEG    (XDATA)
                                    347 ;--------------------------------------------------------
                                    348 ; absolute external ram data
                                    349 ;--------------------------------------------------------
                                    350 	.area XABS    (ABS,XDATA)
                                    351 ;--------------------------------------------------------
                                    352 ; initialized external ram data
                                    353 ;--------------------------------------------------------
                                    354 	.area XISEG   (XDATA)
                                    355 	.area HOME    (CODE)
                                    356 	.area GSINIT0 (CODE)
                                    357 	.area GSINIT1 (CODE)
                                    358 	.area GSINIT2 (CODE)
                                    359 	.area GSINIT3 (CODE)
                                    360 	.area GSINIT4 (CODE)
                                    361 	.area GSINIT5 (CODE)
                                    362 	.area GSINIT  (CODE)
                                    363 	.area GSFINAL (CODE)
                                    364 	.area CSEG    (CODE)
                                    365 ;--------------------------------------------------------
                                    366 ; interrupt vector
                                    367 ;--------------------------------------------------------
                                    368 	.area HOME    (CODE)
      000000                        369 __interrupt_vect:
      000000 02r00r00         [24]  370 	ljmp	__sdcc_gsinit_startup
      000003 32               [24]  371 	reti
      000004                        372 	.ds	7
      00000B 32               [24]  373 	reti
      00000C                        374 	.ds	7
      000013 32               [24]  375 	reti
      000014                        376 	.ds	7
      00001B 32               [24]  377 	reti
      00001C                        378 	.ds	7
      000023 02r00r90         [24]  379 	ljmp	_Serial_ISR
                                    380 ; restartable atomic support routines
      000026                        381 	.ds	2
      000028                        382 sdcc_atomic_exchange_rollback_start::
      000028 00               [12]  383 	nop
      000029 00               [12]  384 	nop
      00002A                        385 sdcc_atomic_exchange_pdata_impl:
      00002A E2               [24]  386 	movx	a, @r0
      00002B FB               [12]  387 	mov	r3, a
      00002C EA               [12]  388 	mov	a, r2
      00002D F2               [24]  389 	movx	@r0, a
      00002E 80 2C            [24]  390 	sjmp	sdcc_atomic_exchange_exit
      000030 00               [12]  391 	nop
      000031 00               [12]  392 	nop
      000032                        393 sdcc_atomic_exchange_xdata_impl:
      000032 E0               [24]  394 	movx	a, @dptr
      000033 FB               [12]  395 	mov	r3, a
      000034 EA               [12]  396 	mov	a, r2
      000035 F0               [24]  397 	movx	@dptr, a
      000036 80 24            [24]  398 	sjmp	sdcc_atomic_exchange_exit
      000038                        399 sdcc_atomic_compare_exchange_idata_impl:
      000038 E6               [12]  400 	mov	a, @r0
      000039 B5 02 02         [24]  401 	cjne	a, ar2, .+#5
      00003C EB               [12]  402 	mov	a, r3
      00003D F6               [12]  403 	mov	@r0, a
      00003E 22               [24]  404 	ret
      00003F 00               [12]  405 	nop
      000040                        406 sdcc_atomic_compare_exchange_pdata_impl:
      000040 E2               [24]  407 	movx	a, @r0
      000041 B5 02 02         [24]  408 	cjne	a, ar2, .+#5
      000044 EB               [12]  409 	mov	a, r3
      000045 F2               [24]  410 	movx	@r0, a
      000046 22               [24]  411 	ret
      000047 00               [12]  412 	nop
      000048                        413 sdcc_atomic_compare_exchange_xdata_impl:
      000048 E0               [24]  414 	movx	a, @dptr
      000049 B5 02 02         [24]  415 	cjne	a, ar2, .+#5
      00004C EB               [12]  416 	mov	a, r3
      00004D F0               [24]  417 	movx	@dptr, a
      00004E 22               [24]  418 	ret
      00004F                        419 sdcc_atomic_exchange_rollback_end::
                                    420 
      00004F                        421 sdcc_atomic_exchange_gptr_impl::
      00004F 30 F6 E0         [24]  422 	jnb	b.6, sdcc_atomic_exchange_xdata_impl
      000052 A8 82            [24]  423 	mov	r0, dpl
      000054 20 F5 D3         [24]  424 	jb	b.5, sdcc_atomic_exchange_pdata_impl
      000057                        425 sdcc_atomic_exchange_idata_impl:
      000057 EA               [12]  426 	mov	a, r2
      000058 C6               [12]  427 	xch	a, @r0
      000059 F5 82            [12]  428 	mov	dpl, a
      00005B 22               [24]  429 	ret
      00005C                        430 sdcc_atomic_exchange_exit:
      00005C 8B 82            [24]  431 	mov	dpl, r3
      00005E 22               [24]  432 	ret
      00005F                        433 sdcc_atomic_compare_exchange_gptr_impl::
      00005F 30 F6 E6         [24]  434 	jnb	b.6, sdcc_atomic_compare_exchange_xdata_impl
      000062 A8 82            [24]  435 	mov	r0, dpl
      000064 20 F5 D9         [24]  436 	jb	b.5, sdcc_atomic_compare_exchange_pdata_impl
      000067 80 CF            [24]  437 	sjmp	sdcc_atomic_compare_exchange_idata_impl
                                    438 ;--------------------------------------------------------
                                    439 ; global & static initialisations
                                    440 ;--------------------------------------------------------
                                    441 	.area HOME    (CODE)
                                    442 	.area GSINIT  (CODE)
                                    443 	.area GSFINAL (CODE)
                                    444 	.area GSINIT  (CODE)
                                    445 	.globl __sdcc_gsinit_startup
                                    446 	.globl __sdcc_program_startup
                                    447 	.globl __start__stack
                                    448 	.globl __mcs51_genXINIT
                                    449 	.globl __mcs51_genXRAMCLEAR
                                    450 	.globl __mcs51_genRAMCLEAR
                                    451 ;	include/uvr_variable.h:31: volatile unsigned char __data __at (0x40) prog_buffer[32] = {0};
      000000 75*40 00         [24]  452 	mov	_prog_buffer,#0x00
                                    453 	.area GSFINAL (CODE)
      000000 02r00r69         [24]  454 	ljmp	__sdcc_program_startup
                                    455 ;--------------------------------------------------------
                                    456 ; Home
                                    457 ;--------------------------------------------------------
                                    458 	.area HOME    (CODE)
                                    459 	.area HOME    (CODE)
      000069                        460 __sdcc_program_startup:
      000069 02r00rB4         [24]  461 	ljmp	_main
                                    462 ;	return from main will return to caller
                                    463 ;--------------------------------------------------------
                                    464 ; code
                                    465 ;--------------------------------------------------------
                                    466 	.area CSEG    (CODE)
                                    467 ;------------------------------------------------------------
                                    468 ;Allocation info for local variables in function 'init_mpu'
                                    469 ;------------------------------------------------------------
                                    470 ;	src/main.c:6: void init_mpu(void){
                                    471 ;	-----------------------------------------
                                    472 ;	 function init_mpu
                                    473 ;	-----------------------------------------
      000000                        474 _init_mpu:
                           000007   475 	ar7 = 0x07
                           000006   476 	ar6 = 0x06
                           000005   477 	ar5 = 0x05
                           000004   478 	ar4 = 0x04
                           000003   479 	ar3 = 0x03
                           000002   480 	ar2 = 0x02
                           000001   481 	ar1 = 0x01
                           000000   482 	ar0 = 0x00
                                    483 ;	src/main.c:7: EA = 1; 		//Enable Global Interupt
                                    484 ;	assignBit
      000000 D2 AF            [12]  485 	setb	_EA
                                    486 ;	src/main.c:8: SP = hw_stack;		//Initialize Stack Pointer
      000002 75 81 60         [24]  487 	mov	_SP,#0x60
                                    488 ;	src/main.c:12: loop_counter = 00;
      000005 75 30 00         [24]  489 	mov	_loop_counter,#0x00
                                    490 ;	src/main.c:13: prog_counter = 00;
      000008 75 31 00         [24]  491 	mov	_prog_counter,#0x00
                                    492 ;	src/main.c:14: rd_pointer = 0x40;	//Read Memory
      00000B 75 32 40         [24]  493 	mov	_rd_pointer,#0x40
                                    494 ;	src/main.c:15: wr_pointer = 0x40;		//Write Memory
      00000E 75 33 40         [24]  495 	mov	_wr_pointer,#0x40
                                    496 ;	src/main.c:16: system_tick = 00;
      000011 75 34 00         [24]  497 	mov	_system_tick,#0x00
                                    498 ;	src/main.c:17: op1 = 00;
      000014 75 35 00         [24]  499 	mov	_op1,#0x00
                                    500 ;	src/main.c:18: op2 = 00;
      000017 75 36 00         [24]  501 	mov	_op2,#0x00
                                    502 ;	src/main.c:19: active_timer = 00;
      00001A 75 37 00         [24]  503 	mov	_active_timer,#0x00
                                    504 ;	src/main.c:20: serial_busy = 00;
      00001D 75 38 00         [24]  505 	mov	_serial_busy,#0x00
                                    506 ;	src/main.c:21: temp1 = 00;
      000020 75 39 00         [24]  507 	mov	_temp1,#0x00
                                    508 ;	src/main.c:22: temp2 = 00;
      000023 75 3A 00         [24]  509 	mov	_temp2,#0x00
                                    510 ;	src/main.c:23: temp3 = 00;
      000026 75 3C 00         [24]  511 	mov	_temp3,#0x00
                                    512 ;	src/main.c:24: instruction_buffer = 00;
      000029 75 3D 00         [24]  513 	mov	_instruction_buffer,#0x00
                                    514 ;	src/main.c:25: result_l = 00;
      00002C 75 3E 00         [24]  515 	mov	_result_l,#0x00
                                    516 ;	src/main.c:26: result_h = 00;
      00002F 75 3F 00         [24]  517 	mov	_result_h,#0x00
                                    518 ;	src/main.c:27: return;
                                    519 ;	src/main.c:28: }
      000032 22               [24]  520 	ret
                                    521 ;------------------------------------------------------------
                                    522 ;Allocation info for local variables in function 'init_timer'
                                    523 ;------------------------------------------------------------
                                    524 ;	src/main.c:32: void init_timer(void){
                                    525 ;	-----------------------------------------
                                    526 ;	 function init_timer
                                    527 ;	-----------------------------------------
      000033                        528 _init_timer:
                                    529 ;	src/main.c:34: }
      000033 22               [24]  530 	ret
                                    531 ;------------------------------------------------------------
                                    532 ;Allocation info for local variables in function 'init_serial'
                                    533 ;------------------------------------------------------------
                                    534 ;	src/main.c:37: void init_serial(void){
                                    535 ;	-----------------------------------------
                                    536 ;	 function init_serial
                                    537 ;	-----------------------------------------
      000034                        538 _init_serial:
                                    539 ;	src/main.c:39: TMOD = 0x20;				//Set TMOD to Use Timer 1 in 8 Bit Auto Reload
      000034 75 89 20         [24]  540 	mov	_TMOD,#0x20
                                    541 ;	src/main.c:40: TH1 = serial_baud_timer;	//Set Reload value
      000037 75 8D FD         [24]  542 	mov	_TH1,#0xfd
                                    543 ;	src/main.c:41: TL1 = serial_baud_timer;	//Set Initial Value
      00003A 75 8B FD         [24]  544 	mov	_TL1,#0xfd
                                    545 ;	src/main.c:42: TR1 = 1;					//Start Timer 1
                                    546 ;	assignBit
      00003D D2 8E            [12]  547 	setb	_TR1
                                    548 ;	src/main.c:43: serial_busy = 0x00;
      00003F 75 38 00         [24]  549 	mov	_serial_busy,#0x00
                                    550 ;	src/main.c:44: SCON = 0x50;				//Serial Mode 1 , 8 Bit UART
      000042 75 98 50         [24]  551 	mov	_SCON,#0x50
                                    552 ;	src/main.c:45: ES = 1;						//Enable Serial interrupt
                                    553 ;	assignBit
      000045 D2 AC            [12]  554 	setb	_ES
                                    555 ;	src/main.c:47: }
      000047 22               [24]  556 	ret
                                    557 ;------------------------------------------------------------
                                    558 ;Allocation info for local variables in function 'put_char'
                                    559 ;------------------------------------------------------------
                                    560 ;args          Allocated to registers r7 
                                    561 ;------------------------------------------------------------
                                    562 ;	src/main.c:50: void put_char(char args){
                                    563 ;	-----------------------------------------
                                    564 ;	 function put_char
                                    565 ;	-----------------------------------------
      000048                        566 _put_char:
      000048 AF 82            [24]  567 	mov	r7, dpl
                                    568 ;	src/main.c:51: while(serial_busy);
      00004A                        569 00101$:
      00004A E5 38            [12]  570 	mov	a,_serial_busy
      00004C 70 FC            [24]  571 	jnz	00101$
                                    572 ;	src/main.c:52: serial_busy = 0x01;
      00004E 75 38 01         [24]  573 	mov	_serial_busy,#0x01
                                    574 ;	src/main.c:53: SBUF = args;
      000051 8F 99            [24]  575 	mov	_SBUF,r7
                                    576 ;	src/main.c:56: }
      000053 22               [24]  577 	ret
                                    578 ;------------------------------------------------------------
                                    579 ;Allocation info for local variables in function 'echo'
                                    580 ;------------------------------------------------------------
                                    581 ;	src/main.c:58: void echo(void){
                                    582 ;	-----------------------------------------
                                    583 ;	 function echo
                                    584 ;	-----------------------------------------
      000054                        585 _echo:
                                    586 ;	src/main.c:59: serial_busy = 1;
      000054 75 38 01         [24]  587 	mov	_serial_busy,#0x01
                                    588 ;	src/main.c:60: while(rd_pointer == wr_pointer);
      000057                        589 00101$:
      000057 E5 33            [12]  590 	mov	a,_wr_pointer
      000059 B5 32 02         [24]  591 	cjne	a,_rd_pointer,00133$
      00005C 80 F9            [24]  592 	sjmp	00101$
      00005E                        593 00133$:
                                    594 ;	src/main.c:61: SBUF = *rd_pointer;
      00005E A9 32            [24]  595 	mov	r1,_rd_pointer
      000060 87 99            [24]  596 	mov	_SBUF,@r1
                                    597 ;	src/main.c:62: while(serial_busy);
      000062                        598 00104$:
      000062 E5 38            [12]  599 	mov	a,_serial_busy
      000064 70 FC            [24]  600 	jnz	00104$
                                    601 ;	src/main.c:63: rd_pointer++;
      000066 05 32            [12]  602 	inc	_rd_pointer
                                    603 ;	src/main.c:65: }
      000068 22               [24]  604 	ret
                                    605 ;------------------------------------------------------------
                                    606 ;Allocation info for local variables in function 'delay_ms_500'
                                    607 ;------------------------------------------------------------
                                    608 ;	src/main.c:71: void delay_ms_500(void){
                                    609 ;	-----------------------------------------
                                    610 ;	 function delay_ms_500
                                    611 ;	-----------------------------------------
      000069                        612 _delay_ms_500:
                                    613 ;	src/main.c:74: }
      000069 22               [24]  614 	ret
                                    615 ;------------------------------------------------------------
                                    616 ;Allocation info for local variables in function 'ascii_to_hex'
                                    617 ;------------------------------------------------------------
                                    618 ;	src/main.c:79: void ascii_to_hex(void){
                                    619 ;	-----------------------------------------
                                    620 ;	 function ascii_to_hex
                                    621 ;	-----------------------------------------
      00006A                        622 _ascii_to_hex:
                                    623 ;	src/main.c:82: }
      00006A 22               [24]  624 	ret
                                    625 ;------------------------------------------------------------
                                    626 ;Allocation info for local variables in function 'hex_to_ascii'
                                    627 ;------------------------------------------------------------
                                    628 ;	src/main.c:88: void hex_to_ascii(void){
                                    629 ;	-----------------------------------------
                                    630 ;	 function hex_to_ascii
                                    631 ;	-----------------------------------------
      00006B                        632 _hex_to_ascii:
                                    633 ;	src/main.c:91: }
      00006B 22               [24]  634 	ret
                                    635 ;------------------------------------------------------------
                                    636 ;Allocation info for local variables in function 'print_boot_message'
                                    637 ;------------------------------------------------------------
                                    638 ;	src/main.c:96: void print_boot_message(void){
                                    639 ;	-----------------------------------------
                                    640 ;	 function print_boot_message
                                    641 ;	-----------------------------------------
      00006C                        642 _print_boot_message:
                                    643 ;	src/main.c:98: put_char('D');put_char('e');put_char('b');put_char('u');put_char('g');put_char('\n');
      00006C 75 82 44         [24]  644 	mov	dpl, #0x44
      00006F 12r00r48         [24]  645 	lcall	_put_char
      000072 75 82 65         [24]  646 	mov	dpl, #0x65
      000075 12r00r48         [24]  647 	lcall	_put_char
      000078 75 82 62         [24]  648 	mov	dpl, #0x62
      00007B 12r00r48         [24]  649 	lcall	_put_char
      00007E 75 82 75         [24]  650 	mov	dpl, #0x75
      000081 12r00r48         [24]  651 	lcall	_put_char
      000084 75 82 67         [24]  652 	mov	dpl, #0x67
      000087 12r00r48         [24]  653 	lcall	_put_char
      00008A 75 82 0A         [24]  654 	mov	dpl, #0x0a
                                    655 ;	src/main.c:100: }
      00008D 02r00r48         [24]  656 	ljmp	_put_char
                                    657 ;------------------------------------------------------------
                                    658 ;Allocation info for local variables in function 'Serial_ISR'
                                    659 ;------------------------------------------------------------
                                    660 ;	src/main.c:108: void Serial_ISR(void) __interrupt (4)
                                    661 ;	-----------------------------------------
                                    662 ;	 function Serial_ISR
                                    663 ;	-----------------------------------------
      000090                        664 _Serial_ISR:
      000090 C0 E0            [24]  665 	push	acc
      000092 C0 00            [24]  666 	push	ar0
      000094 C0 D0            [24]  667 	push	psw
      000096 75 D0 00         [24]  668 	mov	psw,#0x00
                                    669 ;	src/main.c:110: if(RI){						//Recieve Interrput == RI
      000099 30 98 09         [24]  670 	jnb	_RI,00102$
                                    671 ;	src/main.c:111: *wr_pointer = SBUF;		//Store Input Data in Buffer
      00009C E5 33            [12]  672 	mov	a,_wr_pointer
      00009E F8               [12]  673 	mov	r0,a
      00009F A6 99            [24]  674 	mov	@r0,_SBUF
                                    675 ;	src/main.c:112: wr_pointer++;
      0000A1 05 33            [12]  676 	inc	_wr_pointer
                                    677 ;	src/main.c:113: RI = 0;
                                    678 ;	assignBit
      0000A3 C2 98            [12]  679 	clr	_RI
      0000A5                        680 00102$:
                                    681 ;	src/main.c:116: if(TI){
                                    682 ;	src/main.c:117: TI = 0;
                                    683 ;	assignBit
      0000A5 10 99 02         [24]  684 	jbc	_TI,00120$
      0000A8 80 03            [24]  685 	sjmp	00105$
      0000AA                        686 00120$:
                                    687 ;	src/main.c:118: serial_busy = 0;
      0000AA 75 38 00         [24]  688 	mov	_serial_busy,#0x00
      0000AD                        689 00105$:
                                    690 ;	src/main.c:120: }
      0000AD D0 D0            [24]  691 	pop	psw
      0000AF D0 00            [24]  692 	pop	ar0
      0000B1 D0 E0            [24]  693 	pop	acc
      0000B3 32               [24]  694 	reti
                                    695 ;	eliminated unneeded push/pop ar1
                                    696 ;	eliminated unneeded push/pop dpl
                                    697 ;	eliminated unneeded push/pop dph
                                    698 ;	eliminated unneeded push/pop b
                                    699 ;------------------------------------------------------------
                                    700 ;Allocation info for local variables in function 'main'
                                    701 ;------------------------------------------------------------
                                    702 ;	src/main.c:122: void main(void){
                                    703 ;	-----------------------------------------
                                    704 ;	 function main
                                    705 ;	-----------------------------------------
      0000B4                        706 _main:
                                    707 ;	src/main.c:123: init_mpu();
      0000B4 12r00r00         [24]  708 	lcall	_init_mpu
                                    709 ;	src/main.c:125: init_serial();
      0000B7 12r00r34         [24]  710 	lcall	_init_serial
                                    711 ;	src/main.c:126: while(1){
      0000BA                        712 00102$:
                                    713 ;	src/main.c:127: put_char('A');
      0000BA 75 82 41         [24]  714 	mov	dpl, #0x41
      0000BD 12r00r48         [24]  715 	lcall	_put_char
                                    716 ;	src/main.c:129: }
      0000C0 80 F8            [24]  717 	sjmp	00102$
                                    718 	.area CSEG    (CODE)
                                    719 	.area CONST   (CODE)
                                    720 	.area XINIT   (CODE)
                                    721 	.area CABS    (ABS,CODE)
