ASxxxx Linker V03.00/V05.40 + sdld,  page 1.
Hexadecimal  [32-Bits]

Area                                    Addr        Size        Decimal Bytes (Attributes)
--------------------------------        ----        ----        ------- ----- ------------
CABS                                00000000    00000000 =           0. bytes (ABS,CON,CODE)

      Value  Global                              Global Defined In Module
      -----  --------------------------------   ------------------------
C:   00000000  l_BIT_BANK                      
C:   00000000  l_BSEG                          
C:   00000000  l_BSEG_BYTES                    
C:   00000000  l_CABS                          
C:   00000000  l_GSINIT1                       
C:   00000000  l_GSINIT5                       
C:   00000000  l_IABS                          
C:   00000000  l_ISEG                          
C:   00000000  l_OSEG                          
C:   00000000  l_PSEG                          
C:   00000000  l_REG_BANK_1                    
C:   00000000  l_REG_BANK_2                    
C:   00000000  l_REG_BANK_3                    
C:   00000000  l_RSEG                          
C:   00000000  l_RSEG0                         
C:   00000000  l_RSEG1                         
C:   00000000  l_XABS                          
C:   00000000  l_XINIT                         
C:   00000000  l_XISEG                         
C:   00000000  l_XSEG                          
C:   00000000  l__CODE                         
C:   00000000  s_BSEG                          
C:   00000000  s_CABS                          
C:   00000000  s_DSEG                          
C:   00000000  s_HOME                          
C:   00000000  s_IABS                          
C:   00000000  s_IABS2                         
C:   00000000  s_IABS3                         
C:   00000000  s_IABS4                         
C:   00000000  s_IABS5                         
C:   00000000  s_IABS6                         
C:   00000000  s_IABS7                         
C:   00000000  s_IABS8                         
C:   00000000  s_IABS9                         
C:   00000000  s_IABSa                         
C:   00000000  s_IABSb                         
C:   00000000  s_IABSc                         
C:   00000000  s_IABSd                         
C:   00000000  s_IABSe                         
C:   00000000  s_IABSf                         
C:   00000000  s_ISEG                          
C:   00000000  s_REG_BANK_0                    
C:   00000000  s_RSEG                          
C:   00000000  s_RSEG0                         
C:   00000000  s_RSEG1                         
C:   00000000  s_XABS                          
C:   00000000  s_XABS10                        
C:   00000000  s_XABS11                        
C:   00000001  l_IABS2                         
C:   00000001  l_IABS3                         
ASxxxx Linker V03.00/V05.40 + sdld,  page 2.
Hexadecimal  [32-Bits]

Area                                    Addr        Size        Decimal Bytes (Attributes)
--------------------------------        ----        ----        ------- ----- ------------
CABS                                00000000    00000000 =           0. bytes (ABS,CON,CODE)

      Value  Global                              Global Defined In Module
      -----  --------------------------------   ------------------------
C:   00000001  l_IABS4                         
C:   00000001  l_IABS5                         
C:   00000001  l_IABS6                         
C:   00000001  l_IABS7                         
C:   00000001  l_IABS8                         
C:   00000001  l_IABS9                         
C:   00000001  l_IABSa                         
C:   00000001  l_IABSb                         
C:   00000001  l_IABSc                         
C:   00000001  l_IABSd                         
C:   00000001  l_IABSe                         
C:   00000001  l_XABS10                        
C:   00000001  l_XABS11                        
C:   00000001  s_PSEG                          
C:   00000001  s_XISEG                         
C:   00000001  s_XSEG                          
C:   00000003  l_GSFINAL                       
C:   00000003  l_GSINIT0                       
C:   00000008  l_REG_BANK_0                    
C:   00000008  s_REG_BANK_1                    
C:   0000000A  l_GSINIT2                       
C:   00000010  s_REG_BANK_2                    
C:   00000018  s_BIT_BANK                      
C:   00000018  s_OSEG                          
C:   00000018  s_REG_BANK_3                    
C:   00000020  l_IABSf                         
C:   00000020  s_BSEG_BYTES                    
C:   00000020  s__CODE                         
C:   00000022  l_GSINIT3                       
C:   0000002A  l_GSINIT4                       
C:   00000034  l_GSINIT                        
C:   0000003E  l_CONST                         
C:   00000055  l_DSEG                          
C:   00000060  s_SSEG                          
C:   00000074  l_HOME                          
C:   00000074  s_GSINIT0                       
C:   00000077  s_GSINIT1                       
C:   00000077  s_GSINIT2                       
C:   00000081  s_GSINIT3                       
C:   000000A0  l_SSEG                          
C:   000000A1  l_CSEG                          
C:   000000A3  s_GSINIT4                       
C:   000000CD  s_GSINIT                        
C:   000000CD  s_GSINIT5                       
C:   00000100  l_IRAM                          
C:   00000101  s_GSFINAL                       
C:   00000104  s_CSEG                          
C:   000001A5  s_CONST                         
C:   000001E3  s_XINIT                         
ASxxxx Linker V03.00/V05.40 + sdld,  page 3.
Hexadecimal  [32-Bits]

Area                                    Addr        Size        Decimal Bytes (Attributes)
--------------------------------        ----        ----        ------- ----- ------------
XABS11                              00000000    00000001 =           1. bytes (ABS,CON,XDATA)

      Value  Global                              Global Defined In Module
      -----  --------------------------------   ------------------------
D:   00000033  _wr_pointer                        main

ASxxxx Linker V03.00/V05.40 + sdld,  page 4.
Hexadecimal  [32-Bits]

Area                                    Addr        Size        Decimal Bytes (Attributes)
--------------------------------        ----        ----        ------- ----- ------------
XABS10                              00000000    00000001 =           1. bytes (ABS,CON,XDATA)

      Value  Global                              Global Defined In Module
      -----  --------------------------------   ------------------------
D:   00000032  _rd_pointer                        main

ASxxxx Linker V03.00/V05.40 + sdld,  page 5.
Hexadecimal  [32-Bits]

Area                                    Addr        Size        Decimal Bytes (Attributes)
--------------------------------        ----        ----        ------- ----- ------------
IABSf                               00000000    00000020 =          32. bytes (ABS,CON)

      Value  Global                              Global Defined In Module
      -----  --------------------------------   ------------------------
     00000040  _prog_buffer                       main

ASxxxx Linker V03.00/V05.40 + sdld,  page 6.
Hexadecimal  [32-Bits]

Area                                    Addr        Size        Decimal Bytes (Attributes)
--------------------------------        ----        ----        ------- ----- ------------
IABSe                               00000000    00000001 =           1. bytes (ABS,CON)

      Value  Global                              Global Defined In Module
      -----  --------------------------------   ------------------------
     0000003F  _result_h                          main

ASxxxx Linker V03.00/V05.40 + sdld,  page 7.
Hexadecimal  [32-Bits]

Area                                    Addr        Size        Decimal Bytes (Attributes)
--------------------------------        ----        ----        ------- ----- ------------
IABSd                               00000000    00000001 =           1. bytes (ABS,CON)

      Value  Global                              Global Defined In Module
      -----  --------------------------------   ------------------------
     0000003E  _result_l                          main

ASxxxx Linker V03.00/V05.40 + sdld,  page 8.
Hexadecimal  [32-Bits]

Area                                    Addr        Size        Decimal Bytes (Attributes)
--------------------------------        ----        ----        ------- ----- ------------
IABSc                               00000000    00000001 =           1. bytes (ABS,CON)

      Value  Global                              Global Defined In Module
      -----  --------------------------------   ------------------------
     0000003D  _instruction_buffer                main

ASxxxx Linker V03.00/V05.40 + sdld,  page 9.
Hexadecimal  [32-Bits]

Area                                    Addr        Size        Decimal Bytes (Attributes)
--------------------------------        ----        ----        ------- ----- ------------
IABSb                               00000000    00000001 =           1. bytes (ABS,CON)

      Value  Global                              Global Defined In Module
      -----  --------------------------------   ------------------------
     0000003C  _temp3                             main

ASxxxx Linker V03.00/V05.40 + sdld,  page 10.
Hexadecimal  [32-Bits]

Area                                    Addr        Size        Decimal Bytes (Attributes)
--------------------------------        ----        ----        ------- ----- ------------
IABSa                               00000000    00000001 =           1. bytes (ABS,CON)

      Value  Global                              Global Defined In Module
      -----  --------------------------------   ------------------------
     0000003A  _temp2                             main

ASxxxx Linker V03.00/V05.40 + sdld,  page 11.
Hexadecimal  [32-Bits]

Area                                    Addr        Size        Decimal Bytes (Attributes)
--------------------------------        ----        ----        ------- ----- ------------
IABS9                               00000000    00000001 =           1. bytes (ABS,CON)

      Value  Global                              Global Defined In Module
      -----  --------------------------------   ------------------------
     00000039  _temp1                             main

ASxxxx Linker V03.00/V05.40 + sdld,  page 12.
Hexadecimal  [32-Bits]

Area                                    Addr        Size        Decimal Bytes (Attributes)
--------------------------------        ----        ----        ------- ----- ------------
IABS8                               00000000    00000001 =           1. bytes (ABS,CON)

      Value  Global                              Global Defined In Module
      -----  --------------------------------   ------------------------
     00000038  _temp_0                            main

ASxxxx Linker V03.00/V05.40 + sdld,  page 13.
Hexadecimal  [32-Bits]

Area                                    Addr        Size        Decimal Bytes (Attributes)
--------------------------------        ----        ----        ------- ----- ------------
IABS7                               00000000    00000001 =           1. bytes (ABS,CON)

      Value  Global                              Global Defined In Module
      -----  --------------------------------   ------------------------
     00000037  _active_timer                      main

ASxxxx Linker V03.00/V05.40 + sdld,  page 14.
Hexadecimal  [32-Bits]

Area                                    Addr        Size        Decimal Bytes (Attributes)
--------------------------------        ----        ----        ------- ----- ------------
IABS6                               00000000    00000001 =           1. bytes (ABS,CON)

      Value  Global                              Global Defined In Module
      -----  --------------------------------   ------------------------
     00000036  _op2                               main

ASxxxx Linker V03.00/V05.40 + sdld,  page 15.
Hexadecimal  [32-Bits]

Area                                    Addr        Size        Decimal Bytes (Attributes)
--------------------------------        ----        ----        ------- ----- ------------
IABS5                               00000000    00000001 =           1. bytes (ABS,CON)

      Value  Global                              Global Defined In Module
      -----  --------------------------------   ------------------------
     00000035  _op1                               main

ASxxxx Linker V03.00/V05.40 + sdld,  page 16.
Hexadecimal  [32-Bits]

Area                                    Addr        Size        Decimal Bytes (Attributes)
--------------------------------        ----        ----        ------- ----- ------------
IABS4                               00000000    00000001 =           1. bytes (ABS,CON)

      Value  Global                              Global Defined In Module
      -----  --------------------------------   ------------------------
     00000034  _system_tick                       main

ASxxxx Linker V03.00/V05.40 + sdld,  page 17.
Hexadecimal  [32-Bits]

Area                                    Addr        Size        Decimal Bytes (Attributes)
--------------------------------        ----        ----        ------- ----- ------------
IABS3                               00000000    00000001 =           1. bytes (ABS,CON)

      Value  Global                              Global Defined In Module
      -----  --------------------------------   ------------------------
     00000031  _prog_counter                      main

ASxxxx Linker V03.00/V05.40 + sdld,  page 18.
Hexadecimal  [32-Bits]

Area                                    Addr        Size        Decimal Bytes (Attributes)
--------------------------------        ----        ----        ------- ----- ------------
IABS2                               00000000    00000001 =           1. bytes (ABS,CON)

      Value  Global                              Global Defined In Module
      -----  --------------------------------   ------------------------
     00000030  _loop_counter                      main

ASxxxx Linker V03.00/V05.40 + sdld,  page 19.
Hexadecimal  [32-Bits]

Area                                    Addr        Size        Decimal Bytes (Attributes)
--------------------------------        ----        ----        ------- ----- ------------
.  .ABS.                            00000000    00000000 =           0. bytes (ABS,CON)

      Value  Global                              Global Defined In Module
      -----  --------------------------------   ------------------------
     00000000  .__.ABS.                           _startup
     00000000  _is_recieved                       main
     00000080  _P0                                main
     00000080  _P0_0                              main
     00000081  _P0_1                              main
     00000081  _SP                                main
     00000082  _DPL                               main
     00000082  _P0_2                              main
     00000083  _DPH                               main
     00000083  _P0_3                              main
     00000084  _P0_4                              main
     00000085  _P0_5                              main
     00000086  _P0_6                              main
     00000087  _P0_7                              main
     00000087  _PCON                              main
     00000088  _IT0                               main
     00000088  _TCON                              main
     00000089  _IE0                               main
     00000089  _TMOD                              main
     0000008A  _IT1                               main
     0000008A  _TL0                               main
     0000008B  _IE1                               main
     0000008B  _TL1                               main
     0000008C  _TH0                               main
     0000008C  _TR0                               main
     0000008D  _TF0                               main
     0000008D  _TH1                               main
     0000008E  _TR1                               main
     0000008F  _TF1                               main
     00000090  _P1                                main
     00000090  _P1_0                              main
     00000091  _P1_1                              main
     00000092  _P1_2                              main
     00000093  _P1_3                              main
     00000094  _P1_4                              main
     00000095  _P1_5                              main
     00000096  _P1_6                              main
     00000097  _P1_7                              main
     00000098  _RI                                main
     00000098  _SCON                              main
     00000099  _SBUF                              main
     00000099  _TI                                main
     0000009A  _RB8                               main
     0000009B  _TB8                               main
     0000009C  _REN                               main
     0000009D  _SM2                               main
     0000009E  _SM1                               main
     0000009F  _SM0                               main
     000000A0  _P2                                main
     000000A0  _P2_0                              main
ASxxxx Linker V03.00/V05.40 + sdld,  page 20.
Hexadecimal  [32-Bits]

Area                                    Addr        Size        Decimal Bytes (Attributes)
--------------------------------        ----        ----        ------- ----- ------------
.  .ABS.                            00000000    00000000 =           0. bytes (ABS,CON)

      Value  Global                              Global Defined In Module
      -----  --------------------------------   ------------------------
     000000A0  __XPAGE                            
     000000A1  _P2_1                              main
     000000A2  _P2_2                              main
     000000A3  _P2_3                              main
     000000A4  _P2_4                              main
     000000A5  _P2_5                              main
     000000A6  _P2_6                              main
     000000A6  _WDTRST                            main
     000000A7  _P2_7                              main
     000000A8  _EX0                               main
     000000A8  _IE                                main
     000000A9  _ET0                               main
     000000AA  _EX1                               main
     000000AB  _ET1                               main
     000000AC  _ES                                main
     000000AD  _ET2                               main
     000000AF  _EA                                main
     000000B0  _P3                                main
     000000B0  _P3_0                              main
     000000B0  _RXD                               main
     000000B1  _P3_1                              main
     000000B1  _TXD                               main
     000000B2  _INT0                              main
     000000B2  _P3_2                              main
     000000B3  _INT1                              main
     000000B3  _P3_3                              main
     000000B4  _P3_4                              main
     000000B4  _T0                                main
     000000B5  _P3_5                              main
     000000B5  _T1                                main
     000000B6  _P3_6                              main
     000000B6  _WR                                main
     000000B7  _P3_7                              main
     000000B7  _RD                                main
     000000B8  _IP                                main
     000000B8  _PX0                               main
     000000B9  _PT0                               main
     000000BA  _PX1                               main
     000000BB  _PT1                               main
     000000BC  _PS                                main
     000000BD  _PT2                               main
     000000C8  _CP_RL2                            main
     000000C8  _T2CON                             main
     000000C8  _T2CON_0                           main
     000000C9  _C_T2                              main
     000000C9  _T2CON_1                           main
     000000CA  _RCAP2L                            main
     000000CA  _T2CON_2                           main
     000000CA  _TR2                               main
     000000CB  _EXEN2                             main
     000000CB  _RCAP2H                            main
ASxxxx Linker V03.00/V05.40 + sdld,  page 21.
Hexadecimal  [32-Bits]

Area                                    Addr        Size        Decimal Bytes (Attributes)
--------------------------------        ----        ----        ------- ----- ------------
.  .ABS.                            00000000    00000000 =           0. bytes (ABS,CON)

      Value  Global                              Global Defined In Module
      -----  --------------------------------   ------------------------
     000000CB  _T2CON_3                           main
     000000CC  _T2CON_4                           main
     000000CC  _TCLK                              main
     000000CC  _TL2                               main
     000000CD  _RCLK                              main
     000000CD  _T2CON_5                           main
     000000CD  _TH2                               main
     000000CE  _EXF2                              main
     000000CE  _T2CON_6                           main
     000000CF  _T2CON_7                           main
     000000CF  _TF2                               main
     000000D0  _P                                 main
     000000D0  _PSW                               main
     000000D1  _F1                                main
     000000D2  _OV                                main
     000000D3  _RS0                               main
     000000D4  _RS1                               main
     000000D5  _F0                                main
     000000D6  _AC                                main
     000000D7  _CY                                main
     000000E0  _ACC                               main
     000000F0  _B                                 main
ASxxxx Linker V03.00/V05.40 + sdld,  page 22.
Hexadecimal  [32-Bits]

Area                                    Addr        Size        Decimal Bytes (Attributes)
--------------------------------        ----        ----        ------- ----- ------------
REG_BANK_0                          00000000    00000008 =           8. bytes (REL,OVR)

      Value  Global                              Global Defined In Module
      -----  --------------------------------   ------------------------
ASxxxx Linker V03.00/V05.40 + sdld,  page 23.
Hexadecimal  [32-Bits]

Area                                    Addr        Size        Decimal Bytes (Attributes)
--------------------------------        ----        ----        ------- ----- ------------
DSEG                                00000000    00000055 =          85. bytes (REL,CON)

      Value  Global                              Global Defined In Module
      -----  --------------------------------   ------------------------
ASxxxx Linker V03.00/V05.40 + sdld,  page 24.
Hexadecimal  [32-Bits]

Area                                    Addr        Size        Decimal Bytes (Attributes)
--------------------------------        ----        ----        ------- ----- ------------
SSEG                                00000060    000000A0 =         160. bytes (REL,OVR)

      Value  Global                              Global Defined In Module
      -----  --------------------------------   ------------------------
     00000060  __start__stack                     main

ASxxxx Linker V03.00/V05.40 + sdld,  page 25.
Hexadecimal  [32-Bits]

Area                                    Addr        Size        Decimal Bytes (Attributes)
--------------------------------        ----        ----        ------- ----- ------------
HOME                                00000000    00000074 =         116. bytes (REL,CON,CODE)

      Value  Global                              Global Defined In Module
      -----  --------------------------------   ------------------------
C:   00000030  sdcc_atomic_exchange_rollback_st   main
C:   00000057  sdcc_atomic_exchange_gptr_impl     main
C:   00000057  sdcc_atomic_exchange_rollback_en   main
C:   00000067  sdcc_atomic_compare_exchange_gpt   main
C:   00000071  __sdcc_program_startup             main

ASxxxx Linker V03.00/V05.40 + sdld,  page 26.
Hexadecimal  [32-Bits]

Area                                    Addr        Size        Decimal Bytes (Attributes)
--------------------------------        ----        ----        ------- ----- ------------
GSINIT0                             00000074    00000003 =           3. bytes (REL,CON,CODE)

      Value  Global                              Global Defined In Module
      -----  --------------------------------   ------------------------
C:   00000074  __sdcc_gsinit_startup              

ASxxxx Linker V03.00/V05.40 + sdld,  page 27.
Hexadecimal  [32-Bits]

Area                                    Addr        Size        Decimal Bytes (Attributes)
--------------------------------        ----        ----        ------- ----- ------------
GSINIT2                             00000077    0000000A =          10. bytes (REL,CON,CODE)

      Value  Global                              Global Defined In Module
      -----  --------------------------------   ------------------------
ASxxxx Linker V03.00/V05.40 + sdld,  page 28.
Hexadecimal  [32-Bits]

Area                                    Addr        Size        Decimal Bytes (Attributes)
--------------------------------        ----        ----        ------- ----- ------------
GSINIT3                             00000081    00000022 =          34. bytes (REL,CON,CODE)

      Value  Global                              Global Defined In Module
      -----  --------------------------------   ------------------------
C:   00000081  __mcs51_genXINIT                   

ASxxxx Linker V03.00/V05.40 + sdld,  page 29.
Hexadecimal  [32-Bits]

Area                                    Addr        Size        Decimal Bytes (Attributes)
--------------------------------        ----        ----        ------- ----- ------------
GSINIT4                             000000A3    0000002A =          42. bytes (REL,CON,CODE)

      Value  Global                              Global Defined In Module
      -----  --------------------------------   ------------------------
C:   000000A3  __mcs51_genRAMCLEAR                
C:   000000A9  __mcs51_genXRAMCLEAR               

ASxxxx Linker V03.00/V05.40 + sdld,  page 30.
Hexadecimal  [32-Bits]

Area                                    Addr        Size        Decimal Bytes (Attributes)
--------------------------------        ----        ----        ------- ----- ------------
GSINIT                              000000CD    00000034 =          52. bytes (REL,CON,CODE)

      Value  Global                              Global Defined In Module
      -----  --------------------------------   ------------------------
ASxxxx Linker V03.00/V05.40 + sdld,  page 31.
Hexadecimal  [32-Bits]

Area                                    Addr        Size        Decimal Bytes (Attributes)
--------------------------------        ----        ----        ------- ----- ------------
GSFINAL                             00000101    00000003 =           3. bytes (REL,CON,CODE)

      Value  Global                              Global Defined In Module
      -----  --------------------------------   ------------------------
ASxxxx Linker V03.00/V05.40 + sdld,  page 32.
Hexadecimal  [32-Bits]

Area                                    Addr        Size        Decimal Bytes (Attributes)
--------------------------------        ----        ----        ------- ----- ------------
CSEG                                00000104    000000A1 =         161. bytes (REL,CON,CODE)

      Value  Global                              Global Defined In Module
      -----  --------------------------------   ------------------------
C:   00000104  _init_sys                          main
C:   0000010D  _init_timer                        main
C:   0000011F  _init_serial                       main
C:   00000130  _uart_send                         main
C:   00000139  _echo                              main
C:   0000013A  _delay_ms_500                      main
C:   0000013B  _ascii_to_hex                      main
C:   0000013C  _hex_to_ascii                      main
C:   0000013D  _print_boot_message                main
C:   0000015D  _Serial_ISR                        main
C:   00000189  _Timer2_ISR                        main
C:   00000193  _main                              main
C:   000001A1  ___sdcc_external_startup           _startup

ASxxxx Linker V03.00/V05.40 + sdld,  page 33.
Hexadecimal  [32-Bits]

Area                                    Addr        Size        Decimal Bytes (Attributes)
--------------------------------        ----        ----        ------- ----- ------------
CONST                               000001A5    0000003E =          62. bytes (REL,CON,CODE)

      Value  Global                              Global Defined In Module
      -----  --------------------------------   ------------------------
ASxxxx Linker V03.00/V05.40 + sdld,  page 34.

Files Linked                              [ module(s) ]

debug/v0.0120.15.27/main.rel              [  ]


Libraries Linked                          [ object file ]

/usr/bin/../share/sdcc/lib/small/mcs51.lib
                                          [ crtclear.rel ]
/usr/bin/../share/sdcc/lib/small/mcs51.lib
                                          [ crtxinit.rel ]
/usr/bin/../share/sdcc/lib/small/mcs51.lib
                                          [ crtxclear.rel ]
/usr/bin/../share/sdcc/lib/small/mcs51.lib
                                          [ crtpagesfr.rel ]
/usr/bin/../share/sdcc/lib/small/mcs51.lib
                                          [ crtstart.rel ]
/usr/bin/../share/sdcc/lib/small/libsdcc.lib
                                          [ _startup.rel ]

ASxxxx Linker V03.00/V05.40 + sdld,  page 35.

User Base Address Definitions

HOME = 0x0000
XSEG = 0x0001
PSEG = 0x0001
ISEG = 0x0000
BSEG = 0x0000

