                                      1 ;--------------------------------------------------------
                                      2 ; File Created by SDCC : free open source ISO C Compiler
                                      3 ; Version 4.5.0 #15242 (Linux)
                                      4 ;--------------------------------------------------------
                                      5 	.module main
                                      6 	
                                      7 	.optsdcc -mmcs51 --model-small
                                      8 ;--------------------------------------------------------
                                      9 ; Public variables in this module
                                     10 ;--------------------------------------------------------
                                     11 	.globl _main
                                     12 	.globl _Serial_ISR
                                     13 	.globl _print_boot_message
                                     14 	.globl _hex_to_ascii
                                     15 	.globl _ascii_to_hex
                                     16 	.globl _delay_ms_500
                                     17 	.globl _echo
                                     18 	.globl _put_char
                                     19 	.globl _init_serial
                                     20 	.globl _init_timer
                                     21 	.globl _init_mem
                                     22 	.globl _WDTRST
                                     23 	.globl _TF2
                                     24 	.globl _EXF2
                                     25 	.globl _RCLK
                                     26 	.globl _TCLK
                                     27 	.globl _EXEN2
                                     28 	.globl _TR2
                                     29 	.globl _C_T2
                                     30 	.globl _CP_RL2
                                     31 	.globl _T2CON_7
                                     32 	.globl _T2CON_6
                                     33 	.globl _T2CON_5
                                     34 	.globl _T2CON_4
                                     35 	.globl _T2CON_3
                                     36 	.globl _T2CON_2
                                     37 	.globl _T2CON_1
                                     38 	.globl _T2CON_0
                                     39 	.globl _PT2
                                     40 	.globl _ET2
                                     41 	.globl _CY
                                     42 	.globl _AC
                                     43 	.globl _F0
                                     44 	.globl _RS1
                                     45 	.globl _RS0
                                     46 	.globl _OV
                                     47 	.globl _F1
                                     48 	.globl _P
                                     49 	.globl _PS
                                     50 	.globl _PT1
                                     51 	.globl _PX1
                                     52 	.globl _PT0
                                     53 	.globl _PX0
                                     54 	.globl _RD
                                     55 	.globl _WR
                                     56 	.globl _T1
                                     57 	.globl _T0
                                     58 	.globl _INT1
                                     59 	.globl _INT0
                                     60 	.globl _TXD
                                     61 	.globl _RXD
                                     62 	.globl _P3_7
                                     63 	.globl _P3_6
                                     64 	.globl _P3_5
                                     65 	.globl _P3_4
                                     66 	.globl _P3_3
                                     67 	.globl _P3_2
                                     68 	.globl _P3_1
                                     69 	.globl _P3_0
                                     70 	.globl _EA
                                     71 	.globl _ES
                                     72 	.globl _ET1
                                     73 	.globl _EX1
                                     74 	.globl _ET0
                                     75 	.globl _EX0
                                     76 	.globl _P2_7
                                     77 	.globl _P2_6
                                     78 	.globl _P2_5
                                     79 	.globl _P2_4
                                     80 	.globl _P2_3
                                     81 	.globl _P2_2
                                     82 	.globl _P2_1
                                     83 	.globl _P2_0
                                     84 	.globl _SM0
                                     85 	.globl _SM1
                                     86 	.globl _SM2
                                     87 	.globl _REN
                                     88 	.globl _TB8
                                     89 	.globl _RB8
                                     90 	.globl _TI
                                     91 	.globl _RI
                                     92 	.globl _P1_7
                                     93 	.globl _P1_6
                                     94 	.globl _P1_5
                                     95 	.globl _P1_4
                                     96 	.globl _P1_3
                                     97 	.globl _P1_2
                                     98 	.globl _P1_1
                                     99 	.globl _P1_0
                                    100 	.globl _TF1
                                    101 	.globl _TR1
                                    102 	.globl _TF0
                                    103 	.globl _TR0
                                    104 	.globl _IE1
                                    105 	.globl _IT1
                                    106 	.globl _IE0
                                    107 	.globl _IT0
                                    108 	.globl _P0_7
                                    109 	.globl _P0_6
                                    110 	.globl _P0_5
                                    111 	.globl _P0_4
                                    112 	.globl _P0_3
                                    113 	.globl _P0_2
                                    114 	.globl _P0_1
                                    115 	.globl _P0_0
                                    116 	.globl _TH2
                                    117 	.globl _TL2
                                    118 	.globl _RCAP2H
                                    119 	.globl _RCAP2L
                                    120 	.globl _T2CON
                                    121 	.globl _B
                                    122 	.globl _ACC
                                    123 	.globl _PSW
                                    124 	.globl _IP
                                    125 	.globl _P3
                                    126 	.globl _IE
                                    127 	.globl _P2
                                    128 	.globl _SBUF
                                    129 	.globl _SCON
                                    130 	.globl _P1
                                    131 	.globl _TH1
                                    132 	.globl _TH0
                                    133 	.globl _TL1
                                    134 	.globl _TL0
                                    135 	.globl _TMOD
                                    136 	.globl _TCON
                                    137 	.globl _PCON
                                    138 	.globl _DPH
                                    139 	.globl _DPL
                                    140 	.globl _SP
                                    141 	.globl _P0
                                    142 	.globl _wr_pointer
                                    143 	.globl _rd_pointer
                                    144 	.globl _serial_busy
                                    145 	.globl _prog_buffer
                                    146 	.globl _result_h
                                    147 	.globl _result_l
                                    148 	.globl _instruction_buffer
                                    149 	.globl _temp3
                                    150 	.globl _temp2
                                    151 	.globl _temp1
                                    152 	.globl _echo_buffer
                                    153 	.globl _active_timer
                                    154 	.globl _op2
                                    155 	.globl _op1
                                    156 	.globl _system_tick
                                    157 	.globl _prog_counter
                                    158 	.globl _loop_counter
                                    159 ;--------------------------------------------------------
                                    160 ; special function registers
                                    161 ;--------------------------------------------------------
                                    162 	.area RSEG    (ABS,DATA)
      000000                        163 	.org 0x0000
                           000080   164 _P0	=	0x0080
                           000081   165 _SP	=	0x0081
                           000082   166 _DPL	=	0x0082
                           000083   167 _DPH	=	0x0083
                           000087   168 _PCON	=	0x0087
                           000088   169 _TCON	=	0x0088
                           000089   170 _TMOD	=	0x0089
                           00008A   171 _TL0	=	0x008a
                           00008B   172 _TL1	=	0x008b
                           00008C   173 _TH0	=	0x008c
                           00008D   174 _TH1	=	0x008d
                           000090   175 _P1	=	0x0090
                           000098   176 _SCON	=	0x0098
                           000099   177 _SBUF	=	0x0099
                           0000A0   178 _P2	=	0x00a0
                           0000A8   179 _IE	=	0x00a8
                           0000B0   180 _P3	=	0x00b0
                           0000B8   181 _IP	=	0x00b8
                           0000D0   182 _PSW	=	0x00d0
                           0000E0   183 _ACC	=	0x00e0
                           0000F0   184 _B	=	0x00f0
                           0000C8   185 _T2CON	=	0x00c8
                           0000CA   186 _RCAP2L	=	0x00ca
                           0000CB   187 _RCAP2H	=	0x00cb
                           0000CC   188 _TL2	=	0x00cc
                           0000CD   189 _TH2	=	0x00cd
                                    190 ;--------------------------------------------------------
                                    191 ; special function bits
                                    192 ;--------------------------------------------------------
                                    193 	.area RSEG    (ABS,DATA)
      000000                        194 	.org 0x0000
                           000080   195 _P0_0	=	0x0080
                           000081   196 _P0_1	=	0x0081
                           000082   197 _P0_2	=	0x0082
                           000083   198 _P0_3	=	0x0083
                           000084   199 _P0_4	=	0x0084
                           000085   200 _P0_5	=	0x0085
                           000086   201 _P0_6	=	0x0086
                           000087   202 _P0_7	=	0x0087
                           000088   203 _IT0	=	0x0088
                           000089   204 _IE0	=	0x0089
                           00008A   205 _IT1	=	0x008a
                           00008B   206 _IE1	=	0x008b
                           00008C   207 _TR0	=	0x008c
                           00008D   208 _TF0	=	0x008d
                           00008E   209 _TR1	=	0x008e
                           00008F   210 _TF1	=	0x008f
                           000090   211 _P1_0	=	0x0090
                           000091   212 _P1_1	=	0x0091
                           000092   213 _P1_2	=	0x0092
                           000093   214 _P1_3	=	0x0093
                           000094   215 _P1_4	=	0x0094
                           000095   216 _P1_5	=	0x0095
                           000096   217 _P1_6	=	0x0096
                           000097   218 _P1_7	=	0x0097
                           000098   219 _RI	=	0x0098
                           000099   220 _TI	=	0x0099
                           00009A   221 _RB8	=	0x009a
                           00009B   222 _TB8	=	0x009b
                           00009C   223 _REN	=	0x009c
                           00009D   224 _SM2	=	0x009d
                           00009E   225 _SM1	=	0x009e
                           00009F   226 _SM0	=	0x009f
                           0000A0   227 _P2_0	=	0x00a0
                           0000A1   228 _P2_1	=	0x00a1
                           0000A2   229 _P2_2	=	0x00a2
                           0000A3   230 _P2_3	=	0x00a3
                           0000A4   231 _P2_4	=	0x00a4
                           0000A5   232 _P2_5	=	0x00a5
                           0000A6   233 _P2_6	=	0x00a6
                           0000A7   234 _P2_7	=	0x00a7
                           0000A8   235 _EX0	=	0x00a8
                           0000A9   236 _ET0	=	0x00a9
                           0000AA   237 _EX1	=	0x00aa
                           0000AB   238 _ET1	=	0x00ab
                           0000AC   239 _ES	=	0x00ac
                           0000AF   240 _EA	=	0x00af
                           0000B0   241 _P3_0	=	0x00b0
                           0000B1   242 _P3_1	=	0x00b1
                           0000B2   243 _P3_2	=	0x00b2
                           0000B3   244 _P3_3	=	0x00b3
                           0000B4   245 _P3_4	=	0x00b4
                           0000B5   246 _P3_5	=	0x00b5
                           0000B6   247 _P3_6	=	0x00b6
                           0000B7   248 _P3_7	=	0x00b7
                           0000B0   249 _RXD	=	0x00b0
                           0000B1   250 _TXD	=	0x00b1
                           0000B2   251 _INT0	=	0x00b2
                           0000B3   252 _INT1	=	0x00b3
                           0000B4   253 _T0	=	0x00b4
                           0000B5   254 _T1	=	0x00b5
                           0000B6   255 _WR	=	0x00b6
                           0000B7   256 _RD	=	0x00b7
                           0000B8   257 _PX0	=	0x00b8
                           0000B9   258 _PT0	=	0x00b9
                           0000BA   259 _PX1	=	0x00ba
                           0000BB   260 _PT1	=	0x00bb
                           0000BC   261 _PS	=	0x00bc
                           0000D0   262 _P	=	0x00d0
                           0000D1   263 _F1	=	0x00d1
                           0000D2   264 _OV	=	0x00d2
                           0000D3   265 _RS0	=	0x00d3
                           0000D4   266 _RS1	=	0x00d4
                           0000D5   267 _F0	=	0x00d5
                           0000D6   268 _AC	=	0x00d6
                           0000D7   269 _CY	=	0x00d7
                           0000AD   270 _ET2	=	0x00ad
                           0000BD   271 _PT2	=	0x00bd
                           0000C8   272 _T2CON_0	=	0x00c8
                           0000C9   273 _T2CON_1	=	0x00c9
                           0000CA   274 _T2CON_2	=	0x00ca
                           0000CB   275 _T2CON_3	=	0x00cb
                           0000CC   276 _T2CON_4	=	0x00cc
                           0000CD   277 _T2CON_5	=	0x00cd
                           0000CE   278 _T2CON_6	=	0x00ce
                           0000CF   279 _T2CON_7	=	0x00cf
                           0000C8   280 _CP_RL2	=	0x00c8
                           0000C9   281 _C_T2	=	0x00c9
                           0000CA   282 _TR2	=	0x00ca
                           0000CB   283 _EXEN2	=	0x00cb
                           0000CC   284 _TCLK	=	0x00cc
                           0000CD   285 _RCLK	=	0x00cd
                           0000CE   286 _EXF2	=	0x00ce
                           0000CF   287 _TF2	=	0x00cf
                           0000A6   288 _WDTRST	=	0x00a6
                                    289 ;--------------------------------------------------------
                                    290 ; overlayable register banks
                                    291 ;--------------------------------------------------------
                                    292 	.area REG_BANK_0	(REL,OVR,DATA)
      000000                        293 	.ds 8
                                    294 ;--------------------------------------------------------
                                    295 ; internal ram data
                                    296 ;--------------------------------------------------------
                                    297 	.area DSEG    (DATA)
                                    298 ;--------------------------------------------------------
                                    299 ; overlayable items in internal ram
                                    300 ;--------------------------------------------------------
                                    301 	.area	OSEG    (OVR,DATA)
                                    302 ;--------------------------------------------------------
                                    303 ; Stack segment in internal ram
                                    304 ;--------------------------------------------------------
                                    305 	.area SSEG
      000000                        306 __start__stack:
      000000                        307 	.ds	1
                                    308 
                                    309 ;--------------------------------------------------------
                                    310 ; indirectly addressable internal ram data
                                    311 ;--------------------------------------------------------
                                    312 	.area ISEG    (DATA)
                                    313 ;--------------------------------------------------------
                                    314 ; absolute internal ram data
                                    315 ;--------------------------------------------------------
                                    316 	.area IABS    (ABS,DATA)
      000030                        317 	.org 0x0030
      000030                        318 _loop_counter::
      000030                        319 	.ds 1
      000031                        320 	.org 0x0031
      000031                        321 _prog_counter::
      000031                        322 	.ds 1
      000034                        323 	.org 0x0034
      000034                        324 _system_tick::
      000034                        325 	.ds 1
      000035                        326 	.org 0x0035
      000035                        327 _op1::
      000035                        328 	.ds 1
      000036                        329 	.org 0x0036
      000036                        330 _op2::
      000036                        331 	.ds 1
      000037                        332 	.org 0x0037
      000037                        333 _active_timer::
      000037                        334 	.ds 1
      000038                        335 	.org 0x0038
      000038                        336 _echo_buffer::
      000038                        337 	.ds 1
      000039                        338 	.org 0x0039
      000039                        339 _temp1::
      000039                        340 	.ds 1
      00003A                        341 	.org 0x003A
      00003A                        342 _temp2::
      00003A                        343 	.ds 1
      00003C                        344 	.org 0x003C
      00003C                        345 _temp3::
      00003C                        346 	.ds 1
      00003D                        347 	.org 0x003D
      00003D                        348 _instruction_buffer::
      00003D                        349 	.ds 1
      00003E                        350 	.org 0x003E
      00003E                        351 _result_l::
      00003E                        352 	.ds 1
      00003F                        353 	.org 0x003F
      00003F                        354 _result_h::
      00003F                        355 	.ds 1
      000040                        356 	.org 0x0040
      000040                        357 _prog_buffer::
      000040                        358 	.ds 32
                                    359 	.area IABS    (ABS,DATA)
                                    360 ;--------------------------------------------------------
                                    361 ; bit data
                                    362 ;--------------------------------------------------------
                                    363 	.area BSEG    (BIT)
                           000000   364 _serial_busy	=	0x0000
                                    365 ;--------------------------------------------------------
                                    366 ; paged external ram data
                                    367 ;--------------------------------------------------------
                                    368 	.area PSEG    (PAG,XDATA)
                                    369 ;--------------------------------------------------------
                                    370 ; uninitialized external ram data
                                    371 ;--------------------------------------------------------
                                    372 	.area XSEG    (XDATA)
                                    373 ;--------------------------------------------------------
                                    374 ; absolute external ram data
                                    375 ;--------------------------------------------------------
                                    376 	.area XABS    (ABS,XDATA)
      000032                        377 	.org 0x0032
      000032                        378 _rd_pointer::
      000032                        379 	.ds 1
      000033                        380 	.org 0x0033
      000033                        381 _wr_pointer::
      000033                        382 	.ds 1
                                    383 ;--------------------------------------------------------
                                    384 ; initialized external ram data
                                    385 ;--------------------------------------------------------
                                    386 	.area XISEG   (XDATA)
                                    387 	.area HOME    (CODE)
                                    388 	.area GSINIT0 (CODE)
                                    389 	.area GSINIT1 (CODE)
                                    390 	.area GSINIT2 (CODE)
                                    391 	.area GSINIT3 (CODE)
                                    392 	.area GSINIT4 (CODE)
                                    393 	.area GSINIT5 (CODE)
                                    394 	.area GSINIT  (CODE)
                                    395 	.area GSFINAL (CODE)
                                    396 	.area CSEG    (CODE)
                                    397 ;--------------------------------------------------------
                                    398 ; interrupt vector
                                    399 ;--------------------------------------------------------
                                    400 	.area HOME    (CODE)
      000000                        401 __interrupt_vect:
      000000 02r00r00         [24]  402 	ljmp	__sdcc_gsinit_startup
      000003 32               [24]  403 	reti
      000004                        404 	.ds	7
      00000B 32               [24]  405 	reti
      00000C                        406 	.ds	7
      000013 32               [24]  407 	reti
      000014                        408 	.ds	7
      00001B 32               [24]  409 	reti
      00001C                        410 	.ds	7
      000023 02r00r4B         [24]  411 	ljmp	_Serial_ISR
                                    412 ; restartable atomic support routines
      000026                        413 	.ds	2
      000028                        414 sdcc_atomic_exchange_rollback_start::
      000028 00               [12]  415 	nop
      000029 00               [12]  416 	nop
      00002A                        417 sdcc_atomic_exchange_pdata_impl:
      00002A E2               [24]  418 	movx	a, @r0
      00002B FB               [12]  419 	mov	r3, a
      00002C EA               [12]  420 	mov	a, r2
      00002D F2               [24]  421 	movx	@r0, a
      00002E 80 2C            [24]  422 	sjmp	sdcc_atomic_exchange_exit
      000030 00               [12]  423 	nop
      000031 00               [12]  424 	nop
      000032                        425 sdcc_atomic_exchange_xdata_impl:
      000032 E0               [24]  426 	movx	a, @dptr
      000033 FB               [12]  427 	mov	r3, a
      000034 EA               [12]  428 	mov	a, r2
      000035 F0               [24]  429 	movx	@dptr, a
      000036 80 24            [24]  430 	sjmp	sdcc_atomic_exchange_exit
      000038                        431 sdcc_atomic_compare_exchange_idata_impl:
      000038 E6               [12]  432 	mov	a, @r0
      000039 B5 02 02         [24]  433 	cjne	a, ar2, .+#5
      00003C EB               [12]  434 	mov	a, r3
      00003D F6               [12]  435 	mov	@r0, a
      00003E 22               [24]  436 	ret
      00003F 00               [12]  437 	nop
      000040                        438 sdcc_atomic_compare_exchange_pdata_impl:
      000040 E2               [24]  439 	movx	a, @r0
      000041 B5 02 02         [24]  440 	cjne	a, ar2, .+#5
      000044 EB               [12]  441 	mov	a, r3
      000045 F2               [24]  442 	movx	@r0, a
      000046 22               [24]  443 	ret
      000047 00               [12]  444 	nop
      000048                        445 sdcc_atomic_compare_exchange_xdata_impl:
      000048 E0               [24]  446 	movx	a, @dptr
      000049 B5 02 02         [24]  447 	cjne	a, ar2, .+#5
      00004C EB               [12]  448 	mov	a, r3
      00004D F0               [24]  449 	movx	@dptr, a
      00004E 22               [24]  450 	ret
      00004F                        451 sdcc_atomic_exchange_rollback_end::
                                    452 
      00004F                        453 sdcc_atomic_exchange_gptr_impl::
      00004F 30 F6 E0         [24]  454 	jnb	b.6, sdcc_atomic_exchange_xdata_impl
      000052 A8 82            [24]  455 	mov	r0, dpl
      000054 20 F5 D3         [24]  456 	jb	b.5, sdcc_atomic_exchange_pdata_impl
      000057                        457 sdcc_atomic_exchange_idata_impl:
      000057 EA               [12]  458 	mov	a, r2
      000058 C6               [12]  459 	xch	a, @r0
      000059 F5 82            [12]  460 	mov	dpl, a
      00005B 22               [24]  461 	ret
      00005C                        462 sdcc_atomic_exchange_exit:
      00005C 8B 82            [24]  463 	mov	dpl, r3
      00005E 22               [24]  464 	ret
      00005F                        465 sdcc_atomic_compare_exchange_gptr_impl::
      00005F 30 F6 E6         [24]  466 	jnb	b.6, sdcc_atomic_compare_exchange_xdata_impl
      000062 A8 82            [24]  467 	mov	r0, dpl
      000064 20 F5 D9         [24]  468 	jb	b.5, sdcc_atomic_compare_exchange_pdata_impl
      000067 80 CF            [24]  469 	sjmp	sdcc_atomic_compare_exchange_idata_impl
                                    470 ;--------------------------------------------------------
                                    471 ; global & static initialisations
                                    472 ;--------------------------------------------------------
                                    473 	.area HOME    (CODE)
                                    474 	.area GSINIT  (CODE)
                                    475 	.area GSFINAL (CODE)
                                    476 	.area GSINIT  (CODE)
                                    477 	.globl __sdcc_gsinit_startup
                                    478 	.globl __sdcc_program_startup
                                    479 	.globl __start__stack
                                    480 	.globl __mcs51_genXINIT
                                    481 	.globl __mcs51_genXRAMCLEAR
                                    482 	.globl __mcs51_genRAMCLEAR
                                    483 ;	include/uvr_variable.h:10: volatile unsigned char __data __at (0x30) loop_counter = 0; //Store Loop Counters
      000000 75*30 00         [24]  484 	mov	_loop_counter,#0x00
                                    485 ;	include/uvr_variable.h:12: volatile unsigned char __data __at (0x31)  prog_counter = 0; //Store Program Counters
      000003 75*31 00         [24]  486 	mov	_prog_counter,#0x00
                                    487 ;	include/uvr_variable.h:16: volatile unsigned char __data __at (0x34)  system_tick = 0; //Common System Time
      000006 75*34 00         [24]  488 	mov	_system_tick,#0x00
                                    489 ;	include/uvr_variable.h:17: volatile unsigned char __data __at (0x35) op1 = 0; //Operand Buffer
      000009 75*35 00         [24]  490 	mov	_op1,#0x00
                                    491 ;	include/uvr_variable.h:18: volatile unsigned char __data __at (0x36) op2 = 0; //perand Buffer
      00000C 75*36 00         [24]  492 	mov	_op2,#0x00
                                    493 ;	include/uvr_variable.h:19: volatile unsigned char __data __at (0x37)  active_timer = 0; //To Calculate Timer Differences
      00000F 75*37 00         [24]  494 	mov	_active_timer,#0x00
                                    495 ;	include/uvr_variable.h:21: volatile unsigned char __data __at (0x38) echo_buffer = 0;
      000012 75*38 00         [24]  496 	mov	_echo_buffer,#0x00
                                    497 ;	include/uvr_variable.h:22: volatile unsigned char __data __at (0x39) temp1 = 0;
      000015 75*39 00         [24]  498 	mov	_temp1,#0x00
                                    499 ;	include/uvr_variable.h:23: volatile unsigned char __data __at (0x3A) temp2 = 0; //Temporary Variables
      000018 75*3A 00         [24]  500 	mov	_temp2,#0x00
                                    501 ;	include/uvr_variable.h:24: volatile unsigned char __data __at (0x3C) temp3 = 0;
      00001B 75*3C 00         [24]  502 	mov	_temp3,#0x00
                                    503 ;	include/uvr_variable.h:27: volatile unsigned char __data __at (0x3D) instruction_buffer =0;
      00001E 75*3D 00         [24]  504 	mov	_instruction_buffer,#0x00
                                    505 ;	include/uvr_variable.h:28: volatile unsigned char __data __at (0x3E) result_l = 0;
      000021 75*3E 00         [24]  506 	mov	_result_l,#0x00
                                    507 ;	include/uvr_variable.h:29: volatile unsigned char __data __at (0x3F) result_h = 0;
      000024 75*3F 00         [24]  508 	mov	_result_h,#0x00
                                    509 ;	include/uvr_variable.h:33: volatile unsigned char __data __at (0x40) prog_buffer[32] = {0};
      000027 75*40 00         [24]  510 	mov	_prog_buffer,#0x00
                                    511 ;	include/uvr_variable.h:13: volatile unsigned char __data __at (0x32)  *rd_pointer = buffer_ptr; //Read Pointer
      00002A 90r00r32         [24]  512 	mov	dptr,#_rd_pointer
      00002D 74 40            [12]  513 	mov	a,#0x40
      00002F F0               [24]  514 	movx	@dptr,a
                                    515 ;	include/uvr_variable.h:14: volatile unsigned char __data __at (0x33)  *wr_pointer = buffer_ptr; //Write Pointer
      000030 90r00r33         [24]  516 	mov	dptr,#_wr_pointer
      000033 F0               [24]  517 	movx	@dptr,a
                                    518 	.area GSFINAL (CODE)
      000000 02r00r69         [24]  519 	ljmp	__sdcc_program_startup
                                    520 ;--------------------------------------------------------
                                    521 ; Home
                                    522 ;--------------------------------------------------------
                                    523 	.area HOME    (CODE)
                                    524 	.area HOME    (CODE)
      000069                        525 __sdcc_program_startup:
      000069 02r00r7C         [24]  526 	ljmp	_main
                                    527 ;	return from main will return to caller
                                    528 ;--------------------------------------------------------
                                    529 ; code
                                    530 ;--------------------------------------------------------
                                    531 	.area CSEG    (CODE)
                                    532 ;------------------------------------------------------------
                                    533 ;Allocation info for local variables in function 'init_mem'
                                    534 ;------------------------------------------------------------
                                    535 ;	src/main.c:6: void init_mem(void){
                                    536 ;	-----------------------------------------
                                    537 ;	 function init_mem
                                    538 ;	-----------------------------------------
      000000                        539 _init_mem:
                           000007   540 	ar7 = 0x07
                           000006   541 	ar6 = 0x06
                           000005   542 	ar5 = 0x05
                           000004   543 	ar4 = 0x04
                           000003   544 	ar3 = 0x03
                           000002   545 	ar2 = 0x02
                           000001   546 	ar1 = 0x01
                           000000   547 	ar0 = 0x00
                                    548 ;	src/main.c:7: EA = 1;
                                    549 ;	assignBit
      000000 D2 AF            [12]  550 	setb	_EA
                                    551 ;	src/main.c:8: ES = 1;
                                    552 ;	assignBit
      000002 D2 AC            [12]  553 	setb	_ES
                                    554 ;	src/main.c:9: serial_busy = 0;
                                    555 ;	assignBit
      000004 C2 00            [12]  556 	clr	_serial_busy
                                    557 ;	src/main.c:10: }
      000006 22               [24]  558 	ret
                                    559 ;------------------------------------------------------------
                                    560 ;Allocation info for local variables in function 'init_timer'
                                    561 ;------------------------------------------------------------
                                    562 ;	src/main.c:12: void init_timer(void){
                                    563 ;	-----------------------------------------
                                    564 ;	 function init_timer
                                    565 ;	-----------------------------------------
      000007                        566 _init_timer:
                                    567 ;	src/main.c:14: }
      000007 22               [24]  568 	ret
                                    569 ;------------------------------------------------------------
                                    570 ;Allocation info for local variables in function 'init_serial'
                                    571 ;------------------------------------------------------------
                                    572 ;	src/main.c:17: void init_serial(void){
                                    573 ;	-----------------------------------------
                                    574 ;	 function init_serial
                                    575 ;	-----------------------------------------
      000008                        576 _init_serial:
                                    577 ;	src/main.c:19: TMOD = 0x20;				//Set TMOD to Use Timer 1 in 8 Bit Auto Reload
      000008 75 89 20         [24]  578 	mov	_TMOD,#0x20
                                    579 ;	src/main.c:20: TH1 = serial_baud_timer;	//Set Reload value
      00000B 75 8D FD         [24]  580 	mov	_TH1,#0xfd
                                    581 ;	src/main.c:21: TL1 = serial_baud_timer;	//Set Initial Value
      00000E 75 8B FD         [24]  582 	mov	_TL1,#0xfd
                                    583 ;	src/main.c:22: TR1 = 1;					//Start Timer 1
                                    584 ;	assignBit
      000011 D2 8E            [12]  585 	setb	_TR1
                                    586 ;	src/main.c:23: SCON = 0x50;				//Serial Mode 1 , 8 Bit UART
      000013 75 98 50         [24]  587 	mov	_SCON,#0x50
                                    588 ;	src/main.c:26: TI = 0;
                                    589 ;	assignBit
      000016 C2 99            [12]  590 	clr	_TI
                                    591 ;	src/main.c:27: }
      000018 22               [24]  592 	ret
                                    593 ;------------------------------------------------------------
                                    594 ;Allocation info for local variables in function 'put_char'
                                    595 ;------------------------------------------------------------
                                    596 ;dat           Allocated to registers r7 
                                    597 ;------------------------------------------------------------
                                    598 ;	src/main.c:30: void put_char(char dat){
                                    599 ;	-----------------------------------------
                                    600 ;	 function put_char
                                    601 ;	-----------------------------------------
      000019                        602 _put_char:
      000019 AF 82            [24]  603 	mov	r7, dpl
                                    604 ;	src/main.c:31: while(serial_busy);
      00001B                        605 00101$:
      00001B 20 00 FD         [24]  606 	jb	_serial_busy,00101$
                                    607 ;	src/main.c:32: serial_busy = 1;
                                    608 ;	assignBit
      00001E D2 00            [12]  609 	setb	_serial_busy
                                    610 ;	src/main.c:33: SBUF = dat;
      000020 8F 99            [24]  611 	mov	_SBUF,r7
                                    612 ;	src/main.c:34: }
      000022 22               [24]  613 	ret
                                    614 ;------------------------------------------------------------
                                    615 ;Allocation info for local variables in function 'echo'
                                    616 ;------------------------------------------------------------
                                    617 ;	src/main.c:38: void echo(void){
                                    618 ;	-----------------------------------------
                                    619 ;	 function echo
                                    620 ;	-----------------------------------------
      000023                        621 _echo:
                                    622 ;	src/main.c:40: }
      000023 22               [24]  623 	ret
                                    624 ;------------------------------------------------------------
                                    625 ;Allocation info for local variables in function 'delay_ms_500'
                                    626 ;------------------------------------------------------------
                                    627 ;	src/main.c:46: void delay_ms_500(void){
                                    628 ;	-----------------------------------------
                                    629 ;	 function delay_ms_500
                                    630 ;	-----------------------------------------
      000024                        631 _delay_ms_500:
                                    632 ;	src/main.c:49: }
      000024 22               [24]  633 	ret
                                    634 ;------------------------------------------------------------
                                    635 ;Allocation info for local variables in function 'ascii_to_hex'
                                    636 ;------------------------------------------------------------
                                    637 ;	src/main.c:54: void ascii_to_hex(void){
                                    638 ;	-----------------------------------------
                                    639 ;	 function ascii_to_hex
                                    640 ;	-----------------------------------------
      000025                        641 _ascii_to_hex:
                                    642 ;	src/main.c:57: }
      000025 22               [24]  643 	ret
                                    644 ;------------------------------------------------------------
                                    645 ;Allocation info for local variables in function 'hex_to_ascii'
                                    646 ;------------------------------------------------------------
                                    647 ;	src/main.c:63: void hex_to_ascii(void){
                                    648 ;	-----------------------------------------
                                    649 ;	 function hex_to_ascii
                                    650 ;	-----------------------------------------
      000026                        651 _hex_to_ascii:
                                    652 ;	src/main.c:66: }
      000026 22               [24]  653 	ret
                                    654 ;------------------------------------------------------------
                                    655 ;Allocation info for local variables in function 'print_boot_message'
                                    656 ;------------------------------------------------------------
                                    657 ;	src/main.c:71: void print_boot_message(void){
                                    658 ;	-----------------------------------------
                                    659 ;	 function print_boot_message
                                    660 ;	-----------------------------------------
      000027                        661 _print_boot_message:
                                    662 ;	src/main.c:73: put_char('D');put_char('e');put_char('b');put_char('u');put_char('g');put_char('\n');
      000027 75 82 44         [24]  663 	mov	dpl, #0x44
      00002A 12r00r19         [24]  664 	lcall	_put_char
      00002D 75 82 65         [24]  665 	mov	dpl, #0x65
      000030 12r00r19         [24]  666 	lcall	_put_char
      000033 75 82 62         [24]  667 	mov	dpl, #0x62
      000036 12r00r19         [24]  668 	lcall	_put_char
      000039 75 82 75         [24]  669 	mov	dpl, #0x75
      00003C 12r00r19         [24]  670 	lcall	_put_char
      00003F 75 82 67         [24]  671 	mov	dpl, #0x67
      000042 12r00r19         [24]  672 	lcall	_put_char
      000045 75 82 0A         [24]  673 	mov	dpl, #0x0a
                                    674 ;	src/main.c:75: }
      000048 02r00r19         [24]  675 	ljmp	_put_char
                                    676 ;------------------------------------------------------------
                                    677 ;Allocation info for local variables in function 'Serial_ISR'
                                    678 ;------------------------------------------------------------
                                    679 ;	src/main.c:79: void Serial_ISR(void) __interrupt(4)
                                    680 ;	-----------------------------------------
                                    681 ;	 function Serial_ISR
                                    682 ;	-----------------------------------------
      00004B                        683 _Serial_ISR:
      00004B C0 E0            [24]  684 	push	acc
      00004D C0 82            [24]  685 	push	dpl
      00004F C0 83            [24]  686 	push	dph
      000051 C0 01            [24]  687 	push	ar1
      000053 C0 D0            [24]  688 	push	psw
      000055 75 D0 00         [24]  689 	mov	psw,#0x00
                                    690 ;	src/main.c:81: if(TI){
                                    691 ;	src/main.c:82: TI = 0;
                                    692 ;	assignBit
      000058 10 99 02         [24]  693 	jbc	_TI,00119$
      00005B 80 02            [24]  694 	sjmp	00102$
      00005D                        695 00119$:
                                    696 ;	src/main.c:83: serial_busy = 0;
                                    697 ;	assignBit
      00005D C2 00            [12]  698 	clr	_serial_busy
      00005F                        699 00102$:
                                    700 ;	src/main.c:86: if(RI){
      00005F 30 98 0F         [24]  701 	jnb	_RI,00105$
                                    702 ;	src/main.c:87: *wr_pointer = SBUF;
      000062 90r00r33         [24]  703 	mov	dptr,#_wr_pointer
      000065 E0               [24]  704 	movx	a,@dptr
      000066 F9               [12]  705 	mov	r1,a
      000067 A7 99            [24]  706 	mov	@r1,_SBUF
                                    707 ;	src/main.c:88: echo_buffer = SBUF;
      000069 85 99*38         [24]  708 	mov	_echo_buffer,_SBUF
                                    709 ;	src/main.c:89: wr_pointer++;
      00006C E9               [12]  710 	mov	a,r1
      00006D 04               [12]  711 	inc	a
      00006E F0               [24]  712 	movx	@dptr,a
                                    713 ;	src/main.c:90: RI = 0;
                                    714 ;	assignBit
      00006F C2 98            [12]  715 	clr	_RI
      000071                        716 00105$:
                                    717 ;	src/main.c:92: }
      000071 D0 D0            [24]  718 	pop	psw
      000073 D0 01            [24]  719 	pop	ar1
      000075 D0 83            [24]  720 	pop	dph
      000077 D0 82            [24]  721 	pop	dpl
      000079 D0 E0            [24]  722 	pop	acc
      00007B 32               [24]  723 	reti
                                    724 ;	eliminated unneeded push/pop ar0
                                    725 ;	eliminated unneeded push/pop b
                                    726 ;------------------------------------------------------------
                                    727 ;Allocation info for local variables in function 'main'
                                    728 ;------------------------------------------------------------
                                    729 ;	src/main.c:96: void main(void){
                                    730 ;	-----------------------------------------
                                    731 ;	 function main
                                    732 ;	-----------------------------------------
      00007C                        733 _main:
                                    734 ;	src/main.c:97: SP = hw_stack; 		//initiaslze Stack Pointer;
      00007C 75 81 60         [24]  735 	mov	_SP,#0x60
                                    736 ;	src/main.c:98: init_mem();
      00007F 12r00r00         [24]  737 	lcall	_init_mem
                                    738 ;	src/main.c:99: init_serial();
      000082 12r00r08         [24]  739 	lcall	_init_serial
                                    740 ;	src/main.c:100: while(1){
      000085                        741 00102$:
                                    742 ;	src/main.c:101: put_char('A');
      000085 75 82 41         [24]  743 	mov	dpl, #0x41
      000088 12r00r19         [24]  744 	lcall	_put_char
                                    745 ;	src/main.c:103: }
      00008B 80 F8            [24]  746 	sjmp	00102$
                                    747 	.area CSEG    (CODE)
                                    748 	.area CONST   (CODE)
                                    749 	.area XINIT   (CODE)
                                    750 	.area CABS    (ABS,CODE)
